// Jest Snapshot v1, https://goo.gl/fbAQLP

exports[`App should mount App component 1`] = `[Function]`;
